// Jest Snapshot v1, https://goo.gl/fbAQLP

exports[`issues-9 https://github.com/baerrach/gatsby-remark-plantuml/ handles Japanese characters 1`] = `
Object {
  "children": Array [
    Object {
      "children": undefined,
      "lang": undefined,
      "meta": null,
      "position": Position {
        "end": Object {
          "column": 4,
          "line": 22,
          "offset": 841,
        },
        "indent": Array [
          1,
          1,
          1,
          1,
          1,
          1,
          1,
          1,
          1,
          1,
          1,
          1,
          1,
          1,
          1,
          1,
          1,
          1,
          1,
          1,
        ],
        "start": Object {
          "column": 1,
          "line": 2,
          "offset": 1,
        },
      },
      "type": "html",
      "value": "<svg contentscripttype=\\"application/ecmascript\\" contentstyletype=\\"text/css\\" height=\\"275px\\" preserveAspectRatio=\\"none\\" style=\\"max-width: 100%; height: auto;\\" version=\\"1.1\\" viewBox=\\"0 0 427 275\\" width=\\"427px\\" zoomAndPan=\\"magnify\\"><defs><filter height=\\"300%\\" id=\\"fq0c4m60avma7\\" width=\\"300%\\" x=\\"-1\\" y=\\"-1\\"><feGaussianBlur result=\\"blurOut\\" stdDeviation=\\"2.0\\"/><feColorMatrix in=\\"blurOut\\" result=\\"blurOut2\\" type=\\"matrix\\" values=\\"0 0 0 0 0 0 0 0 0 0 0 0 0 0 0 0 0 0 .4 0\\"/><feOffset dx=\\"4.0\\" dy=\\"4.0\\" in=\\"blurOut2\\" result=\\"blurOut3\\"/><feBlend in=\\"SourceGraphic\\" in2=\\"blurOut3\\" mode=\\"normal\\"/></filter></defs><g/></svg>",
    },
  ],
  "position": Object {
    "end": Object {
      "column": 1,
      "line": 23,
      "offset": 842,
    },
    "start": Object {
      "column": 1,
      "line": 1,
      "offset": 0,
    },
  },
  "type": "root",
}
`;
