// Jest Snapshot v1, https://goo.gl/fbAQLP

exports[`dot code renders 1`] = `
Object {
  "children": Array [
    Object {
      "children": undefined,
      "lang": undefined,
      "meta": null,
      "position": Position {
        "end": Object {
          "column": 4,
          "line": 10,
          "offset": 109,
        },
        "indent": Array [
          1,
          1,
          1,
          1,
          1,
          1,
          1,
          1,
        ],
        "start": Object {
          "column": 1,
          "line": 2,
          "offset": 1,
        },
      },
      "type": "html",
      "value": "<svg width=\\"90pt\\" height=\\"231pt\\" viewBox=\\"0.00 0.00 89.95 230.90\\" xmlns=\\"http://www.w3.org/2000/svg\\" xlink=\\"http://www.w3.org/1999/xlink\\" style=\\"max-width: 100%; height: auto;\\">
<g id=\\"graph0\\" class=\\"graph\\" transform=\\"scale(1 1) rotate(0) translate(4 226.895)\\">
<title>G</title>
<polygon fill=\\"white\\" stroke=\\"none\\" points=\\"-4,4 -4,-226.895 85.9475,-226.895 85.9475,4 -4,4\\"/>
<text text-anchor=\\"middle\\" x=\\"40.9738\\" y=\\"-7.8\\" font-family=\\"Times New Roman,serif\\" font-size=\\"14.00\\">Title</text>
<!-- A -->
<g id=\\"node1\\" class=\\"node\\"><title>A</title>
<ellipse fill=\\"none\\" stroke=\\"black\\" cx=\\"54\\" cy=\\"-194.948\\" rx=\\"27.8951\\" ry=\\"27.8951\\"/>
<text text-anchor=\\"middle\\" x=\\"54\\" y=\\"-191.248\\" font-family=\\"Times New Roman,serif\\" font-size=\\"14.00\\">hello</text>
</g>
<!-- B -->
<g id=\\"node2\\" class=\\"node\\"><title>B</title>
<polygon fill=\\"none\\" stroke=\\"black\\" points=\\"54,-131 0,-131 0,-95 54,-95 54,-131\\"/>
<text text-anchor=\\"middle\\" x=\\"27\\" y=\\"-109.3\\" font-family=\\"Times New Roman,serif\\" font-size=\\"14.00\\">B</text>
</g>
<!-- A&#45;&gt;B -->
<g id=\\"edge1\\" class=\\"edge\\"><title>A-&gt;B</title>
<path fill=\\"none\\" stroke=\\"black\\" d=\\"M45.3084,-168.212C42.3832,-159.55 39.1116,-149.863 36.1521,-141.099\\"/>
<polygon fill=\\"black\\" stroke=\\"black\\" points=\\"39.3764,-139.708 32.8607,-131.354 32.7444,-141.948 39.3764,-139.708\\"/>
</g>
<!-- C -->
<g id=\\"node3\\" class=\\"node\\"><title>C</title>
<polygon fill=\\"none\\" stroke=\\"black\\" points=\\"81,-59 27,-59 27,-23 81,-23 81,-59\\"/>
<text text-anchor=\\"middle\\" x=\\"54\\" y=\\"-37.3\\" font-family=\\"Times New Roman,serif\\" font-size=\\"14.00\\">C</text>
</g>
<!-- A&#45;&gt;C -->
<g id=\\"edge3\\" class=\\"edge\\"><title>A-&gt;C</title>
<path fill=\\"none\\" stroke=\\"black\\" d=\\"M58.9887,-167.078C62.0634,-147.182 65.0576,-119.407 63,-95 62.2834,-86.4991 60.9311,-77.3119 59.4884,-69.0122\\"/>
<polygon fill=\\"black\\" stroke=\\"black\\" points=\\"62.9142,-68.2892 57.6538,-59.0925 56.0309,-69.5623 62.9142,-68.2892\\"/>
</g>
<!-- B&#45;&gt;C -->
<g id=\\"edge2\\" class=\\"edge\\"><title>B-&gt;C</title>
<path fill=\\"none\\" stroke=\\"black\\" d=\\"M33.6742,-94.6966C36.7149,-86.8132 40.3827,-77.3042 43.7607,-68.5464\\"/>
<polygon fill=\\"black\\" stroke=\\"black\\" points=\\"47.0693,-69.6939 47.4026,-59.1043 40.5383,-67.1748 47.0693,-69.6939\\"/>
</g>
</g>
</svg>",
    },
  ],
  "position": Object {
    "end": Object {
      "column": 1,
      "line": 11,
      "offset": 110,
    },
    "start": Object {
      "column": 1,
      "line": 1,
      "offset": 0,
    },
  },
  "type": "root",
}
`;
